// Jest Snapshot v1, https://goo.gl/fbAQLP

exports[`should render not found page correctly 1`] = `
<div>
  <Link
    replace={false}
    to="/edit/undefined"
  >
    <h3 />
  </Link>
  <p>
     - 
  </p>
</div>
`;
